[gtkit.rometheme.pro/gentleman/index.html]
[gtkit.rometheme.pro/gentleman/xmlrpc.php]
[backblue.gif]
[fade.gif]
[index.html]
[gtkit.rometheme.pro/gentleman/wp-json/oembed/1.0/embed1a74.json]
[gtkit.rometheme.pro/gentleman/feed/index.html]
[gtkit.rometheme.pro/gentleman/comments/feed/index.html]
[gtkit.rometheme.pro/gentleman/wp-json/oembed/1.0/embed8b97]
[gtkit.rometheme.pro/gentleman/wp-content/plugins/template-kit-export/assets/public/template-kit-export-public982a.css]
[gtkit.rometheme.pro/gentleman/wp-content/plugins/rometheme-for-elementor/widgets/assets/css/offcanvas8233.css]
[gtkit.rometheme.pro/gentleman/wp-content/plugins/rometheme-for-elementor/widgets/assets/css/navmenu8233.css]
[gtkit.rometheme.pro/gentleman/wp-content/plugins/rometheme-for-elementor/widgets/assets/css/rkit-navmenu8233.css]
[gtkit.rometheme.pro/gentleman/wp-content/plugins/rometheme-for-elementor/widgets/assets/css/search8233.css]
[gtkit.rometheme.pro/gentleman/wp-content/plugins/rometheme-for-elementor/widgets/assets/css/rkit-blog-post8233.css]
[gtkit.rometheme.pro/gentleman/wp-content/plugins/rometheme-for-elementor/widgets/assets/css/rkit-post-block8233.css]
[gtkit.rometheme.pro/gentleman/wp-content/plugins/rometheme-for-elementor/widgets/assets/css/cta8233.css]
[gtkit.rometheme.pro/gentleman/wp-content/plugins/rometheme-for-elementor/widgets/assets/css/blockquote8233.css]
[gtkit.rometheme.pro/gentleman/wp-content/plugins/rometheme-for-elementor/widgets/assets/css/social_share8233.css]
[gtkit.rometheme.pro/gentleman/wp-content/plugins/rometheme-for-elementor/widgets/assets/css/social_icon8233.css]
[gtkit.rometheme.pro/gentleman/wp-content/plugins/rometheme-for-elementor/widgets/assets/css/rkit_team8233.css]
[gtkit.rometheme.pro/gentleman/wp-content/plugins/rometheme-for-elementor/widgets/assets/css/rkit_team_carousel8233.css]
[gtkit.rometheme.pro/gentleman/wp-content/plugins/rometheme-for-elementor/widgets/assets/css/running_text8233.css]
[gtkit.rometheme.pro/gentleman/wp-content/plugins/rometheme-for-elementor/widgets/assets/css/animated_heading8233.css]
[gtkit.rometheme.pro/gentleman/wp-content/plugins/rometheme-for-elementor/widgets/assets/css/card_slider8233.css]
[gtkit.rometheme.pro/gentleman/wp-content/plugins/rometheme-for-elementor/widgets/assets/css/accordion8233.css]
[gtkit.rometheme.pro/gentleman/wp-content/plugins/rometheme-for-elementor/widgets/assets/css/testimonial_carousel8233.css]
[gtkit.rometheme.pro/gentleman/wp-content/plugins/rometheme-for-elementor/widgets/assets/css/swiper-bundle.min8233.css]
[gtkit.rometheme.pro/gentleman/wp-content/plugins/rometheme-for-elementor/widgets/assets/css/tabs8233.css]
[gtkit.rometheme.pro/gentleman/wp-content/plugins/rometheme-for-elementor/widgets/assets/css/progress-bar8233.css]
[gtkit.rometheme.pro/gentleman/wp-content/plugins/rometheme-for-elementor/widgets/assets/css/counter8233.css]
[gtkit.rometheme.pro/gentleman/wp-content/plugins/rometheme-for-elementor/widgets/assets/css/countdown8233.css]
[gtkit.rometheme.pro/gentleman/wp-content/plugins/rometheme-for-elementor/widgets/assets/css/pricelist8233.css]
[gtkit.rometheme.pro/gentleman/wp-content/plugins/rometheme-for-elementor/widgets/assets/css/advanced_heading8233.css]
[gtkit.rometheme.pro/gentleman/wp-content/plugins/rometheme-for-elementor/widgets/assets/css/image_comparison8233.css]
[gtkit.rometheme.pro/gentleman/wp-content/plugins/rometheme-for-elementor/widgets/assets/css/postlist8233.css]
[gtkit.rometheme.pro/gentleman/wp-content/plugins/rometheme-for-elementor/widgets/assets/css/pricingbox8233.css]
[gtkit.rometheme.pro/gentleman/wp-content/plugins/rometheme-for-elementor/widgets/assets/css/image_box8233.css]
[gtkit.rometheme.pro/gentleman/wp-content/plugins/rometheme-for-elementor/widgets/assets/css/image_accordion8233.css]
[gtkit.rometheme.pro/gentleman/wp-content/plugins/rometheme-for-elementor/widgets/assets/css/dual_button8233.css]
[gtkit.rometheme.pro/gentleman/wp-content/plugins/rometheme-for-elementor/widgets/assets/css/image_gallery8233.css]
[gtkit.rometheme.pro/gentleman/wp-content/plugins/rometheme-for-elementor/widgets/assets/css/home_slider8233.css]
[gtkit.rometheme.pro/gentleman/wp-content/plugins/rometheme-for-elementor/widgets/assets/css/woo_product_grid8233.css]
[gtkit.rometheme.pro/gentleman/wp-content/plugins/rometheme-for-elementor/widgets/assets/css/client_grid8233.css]
[gtkit.rometheme.pro/gentleman/wp-content/plugins/rometheme-for-elementor/widgets/assets/css/back_to_top8233.css]
[gtkit.rometheme.pro/gentleman/wp-content/plugins/rometheme-for-elementor/widgets/assets/css/video_button8233.css]
[gtkit.rometheme.pro/gentleman/wp-content/plugins/rometheme-for-elementor/widgets/assets/css/glightbox.min8233.css]
[gtkit.rometheme.pro/gentleman/wp-content/plugins/rometheme-for-elementor/widgets/assets/css/woo_product_carousel8233.css]
[gtkit.rometheme.pro/gentleman/wp-content/plugins/rometheme-for-elementor/assets/css/rkit8233.css]
[gtkit.rometheme.pro/gentleman/wp-content/themes/hello-elementor/assets/css/reset4c8b.css]
[gtkit.rometheme.pro/gentleman/wp-content/themes/hello-elementor/assets/css/theme4c8b.css]
[gtkit.rometheme.pro/gentleman/wp-content/themes/hello-elementor/assets/css/header-footer4c8b.css]
[gtkit.rometheme.pro/gentleman/wp-content/plugins/elementor/assets/css/frontend.mine7a7.css]
[gtkit.rometheme.pro/gentleman/wp-content/uploads/sites/21/elementor/css/post-317ad.css]
[gtkit.rometheme.pro/gentleman/wp-content/plugins/elementor/assets/lib/eicons/css/elementor-icons.min5e22.css]
[gtkit.rometheme.pro/gentleman/wp-content/plugins/rometheme-for-elementor/assets/css/tooltip8233.css]
[gtkit.rometheme.pro/gentleman/wp-content/uploads/sites/21/elementor/css/post-22417ad.css]
[gtkit.rometheme.pro/gentleman/wp-content/plugins/elementskit-lite/widgets/init/assets/css/widget-styles3621.css]
[gtkit.rometheme.pro/gentleman/wp-content/plugins/elementskit-lite/widgets/init/assets/css/responsive3621.css]
[gtkit.rometheme.pro/gentleman/wp-content/uploads/sites/21/elementor/google-fonts/css/mavenpro40f9.css]
[gtkit.rometheme.pro/gentleman/wp-content/uploads/sites/21/elementor/google-fonts/css/rosarivo40f9.css]
[gtkit.rometheme.pro/gentleman/wp-content/uploads/sites/21/elementor/google-fonts/css/mulish54b6.css]
[gtkit.rometheme.pro/gentleman/wp-content/uploads/sites/21/elementor/google-fonts/css/alegreyasanssc9072.css]
[gtkit.rometheme.pro/gentleman/wp-content/plugins/elementor/assets/lib/font-awesome/css/fontawesome.min52d5.css]
[gtkit.rometheme.pro/gentleman/wp-content/plugins/elementor/assets/lib/font-awesome/css/solid.min52d5.css]
[gtkit.rometheme.pro/gentleman/wp-content/plugins/elementskit-lite/modules/elementskit-icon-pack/assets/css/ekiticons3621.css]
[gtkit.rometheme.pro/gentleman/wp-content/plugins/elementor/assets/lib/font-awesome/css/brands.min52d5.css]
[gtkit.rometheme.pro/gentleman/wp-includes/js/jquery/jquery.minf43b.js]
[gtkit.rometheme.pro/gentleman/wp-includes/js/jquery/jquery-migrate.min5589.js]
[gtkit.rometheme.pro/gentleman/wp-content/plugins/rometheme-for-elementor/widgets/assets/js/card_slider8233.js]
[gtkit.rometheme.pro/gentleman/wp-content/plugins/rometheme-for-elementor/widgets/assets/js/woo_product_carousel8233.js]
[gtkit.rometheme.pro/gentleman/wp-content/plugins/rometheme-for-elementor/widgets/assets/js/team_carousel8233.js]
[gtkit.rometheme.pro/gentleman/wp-content/plugins/rometheme-for-elementor/widgets/assets/js/animated_heading8233.js]
[gtkit.rometheme.pro/gentleman/wp-content/plugins/rometheme-for-elementor/widgets/assets/js/accordion8233.js]
[gtkit.rometheme.pro/gentleman/wp-content/plugins/rometheme-for-elementor/widgets/assets/js/bar_chart8233.js]
[gtkit.rometheme.pro/gentleman/wp-content/plugins/rometheme-for-elementor/widgets/assets/js/line_chart8233.js]
[gtkit.rometheme.pro/gentleman/wp-content/plugins/rometheme-for-elementor/widgets/assets/js/pie_chart8233.js]
[gtkit.rometheme.pro/gentleman/wp-content/plugins/rometheme-for-elementor/widgets/assets/js/swiper-bundle.min8233.js]
[gtkit.rometheme.pro/gentleman/wp-content/plugins/template-kit-export/assets/public/template-kit-export-public982a.js]
[gtkit.rometheme.pro/gentleman/wp-json/wp/v2/pages/224.json]
[gtkit.rometheme.pro/gentleman/wp-json/index.html]
[gtkit.rometheme.pro/gentleman/xmlrpc0db0.php]
[gtkit.rometheme.pro/gentleman/wp-content/uploads/sites/21/2023/04/Menu-Logo.png]
[gtkit.rometheme.pro/gentleman/wp-content/uploads/sites/21/2023/03/Hero-Logo-4.png]
[gtkit.rometheme.pro/gentleman/wp-content/uploads/sites/21/2023/03/3-Icon.png]
[gtkit.rometheme.pro/gentleman/template-kit/homepage/index.html]
[gtkit.rometheme.pro/gentleman/wp-content/uploads/sites/21/2023/03/2-Icon.png]
[gtkit.rometheme.pro/gentleman/template-kit/services/index.html]
[gtkit.rometheme.pro/gentleman/wp-content/uploads/sites/21/2023/03/1-Icon.png]
[gtkit.rometheme.pro/gentleman/template-kit/gallery/index.html]
[gtkit.rometheme.pro/gentleman/template-kit/about-us/index.html]
[gtkit.rometheme.pro/gentleman/template-kit/service-detail/index.html]
[gtkit.rometheme.pro/gentleman/wp-content/uploads/sites/21/2023/03/barber-shaving-man-in-chair-PPNU2NR.jpg]
[gtkit.rometheme.pro/gentleman/template-kit/pricing/index.html]
[gtkit.rometheme.pro/gentleman/template-kit/team/index.html]
[gtkit.rometheme.pro/gentleman/template-kit/faq/index.html]
[gtkit.rometheme.pro/gentleman/wp-content/uploads/sites/21/2023/03/Service-1.png]
[gtkit.rometheme.pro/gentleman/template-kit/blog/index.html]
[gtkit.rometheme.pro/gentleman/template-kit/404-error/index.html]
[gtkit.rometheme.pro/gentleman/wp-content/uploads/sites/21/2023/03/Service-2.png]
[gtkit.rometheme.pro/gentleman/template-kit/contact-us/index.html]
[gtkit.rometheme.pro/gentleman/wp-content/uploads/sites/21/2023/03/Service-3.png]
[gtkit.rometheme.pro/gentleman/wp-content/uploads/sites/21/2023/03/Service-4.png]
[gtkit.rometheme.pro/gentleman/wp-content/uploads/sites/21/2023/03/Service-5.png]
[gtkit.rometheme.pro/gentleman/wp-content/uploads/sites/21/2023/03/Service-6.png]
[gtkit.rometheme.pro/gentleman/wp-content/uploads/sites/21/2023/03/male-haircut-with-electric-razor-tattooed-barber-m-ALLMUPHg.jpg]
[gtkit.rometheme.pro/gentleman/wp-content/uploads/sites/21/2023/03/lipsum1.png]
[gtkit.rometheme.pro/gentleman/wp-content/uploads/sites/21/2023/03/lipsum6.png]
[gtkit.rometheme.pro/gentleman/wp-content/uploads/sites/21/2023/03/lipsum5.png]
[gtkit.rometheme.pro/gentleman/wp-content/uploads/sites/21/2023/03/lipsum4.png]
[gtkit.rometheme.pro/gentleman/wp-content/uploads/sites/21/2023/03/lipsum3.png]
[gtkit.rometheme.pro/gentleman/wp-content/uploads/sites/21/2023/03/lipsum2.png]
[gtkit.rometheme.pro/gentleman/wp-content/uploads/sites/21/2023/03/young-bearded-man-getting-haircut-by-hairdresser-BRQU2V8.jpg]
[gtkit.rometheme.pro/gentleman/wp-content/uploads/sites/21/2023/03/barber-drying-male-hair-in-hairdressing-salon-C7DDKNH.jpg]
[gtkit.rometheme.pro/gentleman/wp-content/uploads/sites/21/2023/03/barber-shaving-client-P4ZETEZ.jpg]
[gtkit.rometheme.pro/gentleman/wp-content/uploads/sites/21/2023/03/beard-styling-PCFRMPT.jpg]
[gtkit.rometheme.pro/gentleman/wp-content/uploads/sites/21/2023/03/portrait-of-man-with-tattoo-PJPNNRD.jpg]
[gtkit.rometheme.pro/gentleman/wp-content/uploads/sites/21/2023/03/professional-tattooed-barber-using-cutthroat-razor-2KQM6RH.jpg]
[gtkit.rometheme.pro/gentleman/wp-content/uploads/sites/21/2023/03/barber-with-razor-poses-at-the-chair-barbershop-RK6DTSD.jpg]
[gtkit.rometheme.pro/gentleman/wp-content/uploads/sites/21/2023/03/portrait-of-young-male-barbers-and-hairdressers-in-HCZ2VDW.jpg]
[gtkit.rometheme.pro/gentleman/wp-content/uploads/sites/21/2023/03/female-hairdresser-standing-with-arm-crossed-at-a-6MJWSRC.jpg]
[gtkit.rometheme.pro/gentleman/wp-content/uploads/sites/21/2023/03/handsome-barber-standing-with-crossed-arms-near-sc-CNV8AUJ.jpg]
[gtkit.rometheme.pro/gentleman/wp-content/uploads/sites/21/elementor/css/post-34617ad.css]
[gtkit.rometheme.pro/gentleman/wp-content/plugins/elementor/assets/css/widget-image.mine7a7.css]
[gtkit.rometheme.pro/gentleman/wp-content/plugins/elementor/assets/css/widget-social-icons.mine7a7.css]
[gtkit.rometheme.pro/gentleman/wp-content/plugins/elementor/assets/css/conditionals/apple-webkit.mine7a7.css]
[gtkit.rometheme.pro/gentleman/wp-content/plugins/elementor/assets/css/widget-heading.mine7a7.css]
[gtkit.rometheme.pro/gentleman/wp-content/plugins/elementor/assets/css/widget-image-box.mine7a7.css]
[gtkit.rometheme.pro/gentleman/wp-content/plugins/elementor/assets/css/widget-icon-box.mine7a7.css]
[gtkit.rometheme.pro/gentleman/wp-content/plugins/elementor/assets/css/widget-divider.mine7a7.css]
[gtkit.rometheme.pro/gentleman/wp-content/plugins/elementor/assets/css/widget-spacer.mine7a7.css]
[gtkit.rometheme.pro/gentleman/wp-content/plugins/elementskit-lite/widgets/init/assets/css/odometer-theme-default3621.css]
[gtkit.rometheme.pro/gentleman/wp-content/plugins/elementor/assets/css/widget-image-gallery.mine7a7.css]
[gtkit.rometheme.pro/gentleman/wp-content/plugins/elementor/assets/lib/swiper/v8/css/swiper.min94a4.css]
[gtkit.rometheme.pro/gentleman/wp-content/uploads/sites/21/elementor/css/post-30839fb.css]
[gtkit.rometheme.pro/gentleman/wp-content/plugins/elementor/assets/css/widget-icon-list.mine7a7.css]
[gtkit.rometheme.pro/gentleman/wp-content/plugins/rometheme-for-elementor/widgets/assets/js/offcanvas8233.js]
[gtkit.rometheme.pro/gentleman/wp-content/plugins/rometheme-for-elementor/widgets/assets/js/navmenu8233.js]
[gtkit.rometheme.pro/gentleman/wp-content/plugins/rometheme-for-elementor/widgets/assets/js/rkit-navmenu8233.js]
[gtkit.rometheme.pro/gentleman/wp-content/plugins/rometheme-for-elementor/widgets/assets/js/social_share8233.js]
[gtkit.rometheme.pro/gentleman/wp-content/plugins/rometheme-for-elementor/widgets/assets/js/running_text8233.js]
[cdnjs.cloudflare.com/ajax/libs/Chart.js/3.5.1/chart.min8233.js]
[gtkit.rometheme.pro/gentleman/wp-content/plugins/rometheme-for-elementor/widgets/assets/js/testimonial_carousel8233.js]
[gtkit.rometheme.pro/gentleman/wp-content/plugins/rometheme-for-elementor/widgets/assets/js/tabs8233.js]
[gtkit.rometheme.pro/gentleman/wp-content/plugins/rometheme-for-elementor/widgets/assets/js/progress8233.js]
[gtkit.rometheme.pro/gentleman/wp-content/plugins/rometheme-for-elementor/widgets/assets/js/counter8233.js]
[gtkit.rometheme.pro/gentleman/wp-content/plugins/rometheme-for-elementor/widgets/assets/js/countdown8233.js]
[gtkit.rometheme.pro/gentleman/wp-content/plugins/rometheme-for-elementor/widgets/assets/js/image_comparison8233.js]
[gtkit.rometheme.pro/gentleman/wp-content/plugins/rometheme-for-elementor/widgets/assets/js/image_accordion8233.js]
[gtkit.rometheme.pro/gentleman/wp-content/plugins/rometheme-for-elementor/widgets/assets/js/image_gallery8233.js]
[gtkit.rometheme.pro/gentleman/wp-content/plugins/rometheme-for-elementor/widgets/assets/js/masonry.pkgd.min8233.js]
[gtkit.rometheme.pro/gentleman/wp-content/plugins/rometheme-for-elementor/widgets/assets/js/imagesloaded.pkgd.min8233.js]
[gtkit.rometheme.pro/gentleman/wp-content/plugins/rometheme-for-elementor/widgets/assets/js/home_slider8233.js]
[gtkit.rometheme.pro/gentleman/wp-content/plugins/rometheme-for-elementor/widgets/assets/js/back_to_top8233.js]
[gtkit.rometheme.pro/gentleman/wp-content/plugins/rometheme-for-elementor/widgets/assets/js/glightbox.min8233.js]
[gtkit.rometheme.pro/gentleman/wp-content/plugins/rometheme-for-elementor/widgets/assets/js/video_button8233.js]
[gtkit.rometheme.pro/gentleman/wp-content/themes/hello-elementor/assets/js/hello-frontend4c8b.js]
[gtkit.rometheme.pro/gentleman/wp-content/plugins/elementskit-lite/libs/framework/assets/js/frontend-script3621.js]
[gtkit.rometheme.pro/gentleman/wp-content/plugins/elementskit-lite/widgets/init/assets/js/widget-scripts3621.js]
[gtkit.rometheme.pro/gentleman/wp-content/plugins/elementor/assets/js/webpack.runtime.mine7a7.js]
[gtkit.rometheme.pro/gentleman/wp-content/plugins/elementor/assets/js/frontend-modules.mine7a7.js]
[gtkit.rometheme.pro/gentleman/wp-includes/js/jquery/ui/core.minb37e.js]
[gtkit.rometheme.pro/gentleman/wp-content/plugins/elementor/assets/js/frontend.mine7a7.js]
[gtkit.rometheme.pro/gentleman/wp-content/plugins/elementskit-lite/widgets/init/assets/js/odometer.min3621.js]
[gtkit.rometheme.pro/gentleman/wp-content/plugins/elementskit-lite/widgets/init/assets/js/animate-circle.min3621.js]
[gtkit.rometheme.pro/gentleman/wp-content/plugins/elementskit-lite/widgets/init/assets/js/elementor3621.js]
[gtkit.rometheme.pro/gentleman/index.html]
[gtkit.rometheme.pro/gentleman/xmlrpc.php]
[gtkit.rometheme.pro/gentleman/wp-content/plugins/template-kit-export/assets/public/template-kit-export-public982a.css]
[gtkit.rometheme.pro/gentleman/wp-content/plugins/rometheme-for-elementor/widgets/assets/css/offcanvas8233.css]
[gtkit.rometheme.pro/gentleman/wp-content/plugins/rometheme-for-elementor/widgets/assets/css/navmenu8233.css]
[gtkit.rometheme.pro/gentleman/wp-content/plugins/rometheme-for-elementor/widgets/assets/css/headerinfo8233.css]
[gtkit.rometheme.pro/gentleman/wp-content/plugins/rometheme-for-elementor/widgets/assets/css/rkit-navmenu8233.css]
[gtkit.rometheme.pro/gentleman/wp-content/plugins/rometheme-for-elementor/widgets/assets/css/search8233.css]
[gtkit.rometheme.pro/gentleman/wp-content/plugins/rometheme-for-elementor/widgets/assets/css/site_logo8233.css]
[gtkit.rometheme.pro/gentleman/wp-content/plugins/rometheme-for-elementor/widgets/assets/css/rkit-blog-post8233.css]
[gtkit.rometheme.pro/gentleman/wp-content/plugins/rometheme-for-elementor/widgets/assets/css/rkit-post-block8233.css]
[gtkit.rometheme.pro/gentleman/wp-content/plugins/rometheme-for-elementor/widgets/assets/css/cta8233.css]
[gtkit.rometheme.pro/gentleman/wp-content/plugins/rometheme-for-elementor/widgets/assets/css/blockquote8233.css]
[gtkit.rometheme.pro/gentleman/wp-content/plugins/rometheme-for-elementor/widgets/assets/css/social_share8233.css]
[gtkit.rometheme.pro/gentleman/wp-content/plugins/rometheme-for-elementor/widgets/assets/css/social_icon8233.css]
[gtkit.rometheme.pro/gentleman/wp-content/plugins/rometheme-for-elementor/widgets/assets/css/rkit_team8233.css]
[gtkit.rometheme.pro/gentleman/wp-content/plugins/rometheme-for-elementor/widgets/assets/css/rkit_team_carousel8233.css]
[gtkit.rometheme.pro/gentleman/wp-content/plugins/rometheme-for-elementor/widgets/assets/css/running_text8233.css]
[gtkit.rometheme.pro/gentleman/wp-content/plugins/rometheme-for-elementor/widgets/assets/css/animated_heading8233.css]
[gtkit.rometheme.pro/gentleman/wp-content/plugins/rometheme-for-elementor/widgets/assets/css/card_slider8233.css]
[gtkit.rometheme.pro/gentleman/wp-content/plugins/rometheme-for-elementor/widgets/assets/css/accordion8233.css]
[gtkit.rometheme.pro/gentleman/wp-content/plugins/rometheme-for-elementor/widgets/assets/css/testimonial_carousel8233.css]
[gtkit.rometheme.pro/gentleman/wp-content/plugins/rometheme-for-elementor/widgets/assets/css/swiper-bundle.min8233.css]
[gtkit.rometheme.pro/gentleman/wp-content/plugins/rometheme-for-elementor/widgets/assets/css/tabs8233.css]
[gtkit.rometheme.pro/gentleman/wp-content/plugins/rometheme-for-elementor/widgets/assets/css/progress-bar8233.css]
[gtkit.rometheme.pro/gentleman/wp-content/plugins/rometheme-for-elementor/widgets/assets/css/counter8233.css]
[gtkit.rometheme.pro/gentleman/wp-content/plugins/rometheme-for-elementor/widgets/assets/css/countdown8233.css]
[gtkit.rometheme.pro/gentleman/wp-content/plugins/rometheme-for-elementor/widgets/assets/css/pricelist8233.css]
[gtkit.rometheme.pro/gentleman/wp-content/plugins/rometheme-for-elementor/widgets/assets/css/advanced_heading8233.css]
[gtkit.rometheme.pro/gentleman/wp-content/plugins/rometheme-for-elementor/widgets/assets/css/image_comparison8233.css]
[gtkit.rometheme.pro/gentleman/wp-content/plugins/rometheme-for-elementor/widgets/assets/css/postlist8233.css]
[gtkit.rometheme.pro/gentleman/wp-content/plugins/rometheme-for-elementor/widgets/assets/css/pricingbox8233.css]
[gtkit.rometheme.pro/gentleman/wp-content/plugins/rometheme-for-elementor/widgets/assets/css/image_box8233.css]
[gtkit.rometheme.pro/gentleman/wp-content/plugins/rometheme-for-elementor/widgets/assets/css/image_accordion8233.css]
[gtkit.rometheme.pro/gentleman/wp-content/plugins/rometheme-for-elementor/widgets/assets/css/dual_button8233.css]
[gtkit.rometheme.pro/gentleman/wp-content/plugins/rometheme-for-elementor/widgets/assets/css/image_gallery8233.css]
[gtkit.rometheme.pro/gentleman/wp-content/plugins/rometheme-for-elementor/widgets/assets/css/home_slider8233.css]
[gtkit.rometheme.pro/gentleman/wp-content/plugins/rometheme-for-elementor/widgets/assets/css/woo_product_grid8233.css]
[gtkit.rometheme.pro/gentleman/wp-content/plugins/rometheme-for-elementor/widgets/assets/css/client_grid8233.css]
[gtkit.rometheme.pro/gentleman/wp-content/plugins/rometheme-for-elementor/widgets/assets/css/barchart8233.css]
[gtkit.rometheme.pro/gentleman/wp-content/plugins/rometheme-for-elementor/widgets/assets/css/linechart8233.css]
[gtkit.rometheme.pro/gentleman/wp-content/plugins/rometheme-for-elementor/widgets/assets/css/piechart8233.css]
[gtkit.rometheme.pro/gentleman/wp-content/plugins/rometheme-for-elementor/widgets/assets/css/back_to_top8233.css]
[gtkit.rometheme.pro/gentleman/wp-content/plugins/rometheme-for-elementor/widgets/assets/css/video_button8233.css]
[gtkit.rometheme.pro/gentleman/wp-content/plugins/rometheme-for-elementor/widgets/assets/css/glightbox.min8233.css]
[gtkit.rometheme.pro/gentleman/wp-content/plugins/rometheme-for-elementor/widgets/assets/css/woo_product_carousel8233.css]
[gtkit.rometheme.pro/gentleman/wp-content/plugins/rometheme-for-elementor/assets/css/rtmicon-regular.css]
[gtkit.rometheme.pro/gentleman/wp-content/plugins/rometheme-for-elementor/assets/css/rtmicons8233.css]
[gtkit.rometheme.pro/gentleman/wp-content/plugins/rometheme-for-elementor/assets/css/rkit8233.css]
[gtkit.rometheme.pro/gentleman/wp-content/themes/hello-elementor/assets/css/reset4c8b.css]
[gtkit.rometheme.pro/gentleman/wp-content/themes/hello-elementor/assets/css/theme4c8b.css]
[gtkit.rometheme.pro/gentleman/wp-content/themes/hello-elementor/assets/css/header-footer4c8b.css]
[gtkit.rometheme.pro/gentleman/wp-content/plugins/elementor/assets/css/frontend.mine7a7.css]
[gtkit.rometheme.pro/gentleman/wp-content/uploads/sites/21/elementor/css/post-317ad.css]
[gtkit.rometheme.pro/gentleman/wp-content/plugins/rometheme-for-elementor/assets/css/rtmicon-thin.css]
[gtkit.rometheme.pro/gentleman/wp-content/plugins/elementor/assets/lib/eicons/fonts/eiconsaa8e.woff2]
[gtkit.rometheme.pro/gentleman/wp-content/plugins/elementor/assets/lib/eicons/fonts/eiconsaa8e.eot]
[gtkit.rometheme.pro/gentleman/wp-content/plugins/elementor/assets/lib/eicons/fonts/eiconsaa8e.woff]
[gtkit.rometheme.pro/gentleman/wp-content/plugins/elementor/assets/lib/eicons/css/elementor-icons.min5e22.css]
[gtkit.rometheme.pro/gentleman/wp-content/plugins/rometheme-for-elementor/assets/css/tooltip8233.css]
[gtkit.rometheme.pro/gentleman/wp-content/plugins/elementor/assets/lib/eicons/fonts/eiconsaa8e.svg]
[gtkit.rometheme.pro/gentleman/wp-content/plugins/elementor/assets/lib/eicons/fonts/eiconsaa8e.ttf]
[gtkit.rometheme.pro/gentleman/wp-content/uploads/sites/21/2023/03/BG-3.png]
[gtkit.rometheme.pro/gentleman/wp-content/uploads/sites/21/2023/03/BG-2.png]
[gtkit.rometheme.pro/gentleman/wp-content/uploads/sites/21/2023/03/shaving-accessories-and-tools-in-barber-shop-VSFV5XH.jpg]
[gtkit.rometheme.pro/gentleman/wp-content/uploads/sites/21/2023/03/BG-4.png]
[gtkit.rometheme.pro/gentleman/wp-content/uploads/sites/21/2023/03/BG-5.png]
[gtkit.rometheme.pro/gentleman/wp-content/uploads/sites/21/2023/03/tattooed-barber-trimming-bearded-man-with-shaving-SGQDLF4.jpg]
[gtkit.rometheme.pro/gentleman/wp-content/uploads/sites/21/2023/03/BG-9.png]
[gtkit.rometheme.pro/gentleman/wp-content/uploads/sites/21/2023/03/vintage-chairs-in-barbershop-PNX3R5Z.jpg]
[gtkit.rometheme.pro/gentleman/wp-content/uploads/sites/21/2023/03/BG-8.png]
[gtkit.rometheme.pro/gentleman/wp-content/uploads/sites/21/elementor/css/post-22417ad.css]
[gtkit.rometheme.pro/gentleman/wp-content/plugins/elementskit-lite/widgets/init/assets/img/arrow.png]
[gtkit.rometheme.pro/gentleman/wp-content/plugins/elementskit-lite/widgets/init/assets/img/sort_asc.png]
[gtkit.rometheme.pro/gentleman/wp-content/plugins/elementskit-lite/widgets/init/assets/img/sort_desc.png]
[gtkit.rometheme.pro/gentleman/wp-content/plugins/elementskit-lite/widgets/init/assets/img/sort_asc_disabled.png]
[gtkit.rometheme.pro/gentleman/wp-content/plugins/elementskit-lite/widgets/init/assets/img/cross-out.svg]
[gtkit.rometheme.pro/gentleman/wp-content/plugins/elementskit-lite/widgets/init/assets/css/widget-styles3621.css]
[gtkit.rometheme.pro/gentleman/wp-content/plugins/elementskit-lite/widgets/init/assets/css/responsive3621.css]
[gtkit.rometheme.pro/gentleman/wp-content/uploads/sites/21/elementor/google-fonts/fonts/mavenpro-7au9p_aqnywwaxw2wk3gwmqiafg.woff2]
[gtkit.rometheme.pro/gentleman/wp-content/uploads/sites/21/elementor/google-fonts/fonts/mavenpro-7au9p_aqnywwaxw2wk3gw2qiafg.woff2]
[gtkit.rometheme.pro/gentleman/wp-content/uploads/sites/21/elementor/google-fonts/fonts/mavenpro-7au9p_aqnywwaxw2wk3gzwqi.woff2]
[gtkit.rometheme.pro/gentleman/wp-content/uploads/sites/21/elementor/google-fonts/css/mavenpro40f9.css]
[gtkit.rometheme.pro/gentleman/wp-content/uploads/sites/21/elementor/google-fonts/fonts/rosarivo-pli4fl2lo6n9f8handea4hvkmpy5.woff2]
[gtkit.rometheme.pro/gentleman/wp-content/uploads/sites/21/elementor/google-fonts/fonts/rosarivo-pli4fl2lo6n9f8handea4htkma.woff2]
[gtkit.rometheme.pro/gentleman/wp-content/uploads/sites/21/elementor/google-fonts/fonts/rosarivo-pli-fl2lo6n9f8handel0hl8na.woff2]
[gtkit.rometheme.pro/gentleman/wp-content/uploads/sites/21/elementor/google-fonts/fonts/rosarivo-pli-fl2lo6n9f8handef0hk.woff2]
[gtkit.rometheme.pro/gentleman/wp-content/uploads/sites/21/elementor/google-fonts/css/rosarivo40f9.css]
[gtkit.rometheme.pro/gentleman/wp-content/uploads/sites/21/elementor/google-fonts/fonts/mulish-1pttg83hx_sghgqk2joiaqrxba.woff2]
[gtkit.rometheme.pro/gentleman/wp-content/uploads/sites/21/elementor/google-fonts/fonts/mulish-1pttg83hx_sghgqk2joraqrxba.woff2]
[gtkit.rometheme.pro/gentleman/wp-content/uploads/sites/21/elementor/google-fonts/fonts/mulish-1pttg83hx_sghgqk2jogaqrxba.woff2]
[gtkit.rometheme.pro/gentleman/wp-content/uploads/sites/21/elementor/google-fonts/fonts/mulish-1pttg83hx_sghgqk2johaqrxba.woff2]
[gtkit.rometheme.pro/gentleman/wp-content/uploads/sites/21/elementor/google-fonts/fonts/mulish-1pttg83hx_sghgqk2jovaqq.woff2]
[gtkit.rometheme.pro/gentleman/wp-content/uploads/sites/21/elementor/google-fonts/fonts/mulish-1ptvg83hx_sghgqk0gotcqa.woff2]
[gtkit.rometheme.pro/gentleman/wp-content/uploads/sites/21/elementor/google-fonts/fonts/mulish-1ptvg83hx_sghgqk2wotcqa.woff2]
[gtkit.rometheme.pro/gentleman/wp-content/uploads/sites/21/elementor/google-fonts/fonts/mulish-1ptvg83hx_sghgqk0aotcqa.woff2]
[gtkit.rometheme.pro/gentleman/wp-content/uploads/sites/21/elementor/google-fonts/fonts/mulish-1ptvg83hx_sghgqk0qotcqa.woff2]
[gtkit.rometheme.pro/gentleman/wp-content/uploads/sites/21/elementor/google-fonts/fonts/mulish-1ptvg83hx_sghgqk3wot.woff2]
[gtkit.rometheme.pro/gentleman/wp-content/uploads/sites/21/elementor/google-fonts/css/mulish54b6.css]
[gtkit.rometheme.pro/gentleman/wp-content/uploads/sites/21/elementor/google-fonts/fonts/alegreyasanssc-mtgl4-rgjqfmvt7p8fur0q1j-hf1bkxdljrlfy9gmg.woff2]
[gtkit.rometheme.pro/gentleman/wp-content/uploads/sites/21/elementor/google-fonts/fonts/alegreyasanssc-mtgl4-rgjqfmvt7p8fur0q1j-hf1bkxdljrcfy9gmg.woff2]
[gtkit.rometheme.pro/gentleman/wp-content/uploads/sites/21/elementor/google-fonts/fonts/alegreyasanssc-mtgl4-rgjqfmvt7p8fur0q1j-hf1bkxdljrkfy9gmg.woff2]
[gtkit.rometheme.pro/gentleman/wp-content/uploads/sites/21/elementor/google-fonts/fonts/alegreyasanssc-mtgl4-rgjqfmvt7p8fur0q1j-hf1bkxdljrffy9gmg.woff2]
[gtkit.rometheme.pro/gentleman/wp-content/uploads/sites/21/elementor/google-fonts/fonts/alegreyasanssc-mtgl4-rgjqfmvt7p8fur0q1j-hf1bkxdljrjfy9gmg.woff2]
[gtkit.rometheme.pro/gentleman/wp-content/uploads/sites/21/elementor/google-fonts/fonts/alegreyasanssc-mtgl4-rgjqfmvt7p8fur0q1j-hf1bkxdljrify9gmg.woff2]
[gtkit.rometheme.pro/gentleman/wp-content/uploads/sites/21/elementor/google-fonts/fonts/alegreyasanssc-mtgl4-rgjqfmvt7p8fur0q1j-hf1bkxdljrgfy8.woff2]
[gtkit.rometheme.pro/gentleman/wp-content/uploads/sites/21/elementor/google-fonts/fonts/alegreyasanssc-mtgk4-rgjqfmvt7p8fur0q1j-hf1bkxdxizrp6p7c-4.woff2]
[gtkit.rometheme.pro/gentleman/wp-content/uploads/sites/21/elementor/google-fonts/fonts/alegreyasanssc-mtgk4-rgjqfmvt7p8fur0q1j-hf1bkxdxizrnqp7c-4.woff2]
[gtkit.rometheme.pro/gentleman/wp-content/uploads/sites/21/elementor/google-fonts/fonts/alegreyasanssc-mtgk4-rgjqfmvt7p8fur0q1j-hf1bkxdxizrpqp7c-4.woff2]
[gtkit.rometheme.pro/gentleman/wp-content/uploads/sites/21/elementor/google-fonts/fonts/alegreyasanssc-mtgk4-rgjqfmvt7p8fur0q1j-hf1bkxdxizrmap7c-4.woff2]
[gtkit.rometheme.pro/gentleman/wp-content/uploads/sites/21/elementor/google-fonts/fonts/alegreyasanssc-mtgk4-rgjqfmvt7p8fur0q1j-hf1bkxdxizrpap7c-4.woff2]
[gtkit.rometheme.pro/gentleman/wp-content/uploads/sites/21/elementor/google-fonts/fonts/alegreyasanssc-mtgk4-rgjqfmvt7p8fur0q1j-hf1bkxdxizrpkp7c-4.woff2]
[gtkit.rometheme.pro/gentleman/wp-content/uploads/sites/21/elementor/google-fonts/fonts/alegreyasanssc-mtgk4-rgjqfmvt7p8fur0q1j-hf1bkxdxizrmqp7.woff2]
[gtkit.rometheme.pro/gentleman/wp-content/uploads/sites/21/elementor/google-fonts/fonts/alegreyasanssc-mtgn4-rgjqfmvt7p8fur0q1j-hf1bkxv-aredys.woff2]
[gtkit.rometheme.pro/gentleman/wp-content/uploads/sites/21/elementor/google-fonts/fonts/alegreyasanssc-mtgn4-rgjqfmvt7p8fur0q1j-hf1bkxv8qredys.woff2]
[gtkit.rometheme.pro/gentleman/wp-content/uploads/sites/21/elementor/google-fonts/fonts/alegreyasanssc-mtgn4-rgjqfmvt7p8fur0q1j-hf1bkxv-qredys.woff2]
[gtkit.rometheme.pro/gentleman/wp-content/uploads/sites/21/elementor/google-fonts/fonts/alegreyasanssc-mtgn4-rgjqfmvt7p8fur0q1j-hf1bkxv9gredys.woff2]
[gtkit.rometheme.pro/gentleman/wp-content/uploads/sites/21/elementor/google-fonts/fonts/alegreyasanssc-mtgn4-rgjqfmvt7p8fur0q1j-hf1bkxv-gredys.woff2]
[gtkit.rometheme.pro/gentleman/wp-content/uploads/sites/21/elementor/google-fonts/fonts/alegreyasanssc-mtgn4-rgjqfmvt7p8fur0q1j-hf1bkxv-wredys.woff2]
[gtkit.rometheme.pro/gentleman/wp-content/uploads/sites/21/elementor/google-fonts/fonts/alegreyasanssc-mtgn4-rgjqfmvt7p8fur0q1j-hf1bkxv9qre.woff2]
[gtkit.rometheme.pro/gentleman/wp-content/uploads/sites/21/elementor/google-fonts/fonts/alegreyasanssc-mtgk4-rgjqfmvt7p8fur0q1j-hf1bkxdbidrp6p7c-4.woff2]
[gtkit.rometheme.pro/gentleman/wp-content/uploads/sites/21/elementor/google-fonts/fonts/alegreyasanssc-mtgk4-rgjqfmvt7p8fur0q1j-hf1bkxdbidrnqp7c-4.woff2]
[gtkit.rometheme.pro/gentleman/wp-content/uploads/sites/21/elementor/google-fonts/fonts/alegreyasanssc-mtgk4-rgjqfmvt7p8fur0q1j-hf1bkxdbidrpqp7c-4.woff2]
[gtkit.rometheme.pro/gentleman/wp-content/uploads/sites/21/elementor/google-fonts/fonts/alegreyasanssc-mtgk4-rgjqfmvt7p8fur0q1j-hf1bkxdbidrmap7c-4.woff2]
[gtkit.rometheme.pro/gentleman/wp-content/uploads/sites/21/elementor/google-fonts/fonts/alegreyasanssc-mtgk4-rgjqfmvt7p8fur0q1j-hf1bkxdbidrpap7c-4.woff2]
[gtkit.rometheme.pro/gentleman/wp-content/uploads/sites/21/elementor/google-fonts/fonts/alegreyasanssc-mtgk4-rgjqfmvt7p8fur0q1j-hf1bkxdbidrpkp7c-4.woff2]
[gtkit.rometheme.pro/gentleman/wp-content/uploads/sites/21/elementor/google-fonts/fonts/alegreyasanssc-mtgk4-rgjqfmvt7p8fur0q1j-hf1bkxdbidrmqp7.woff2]
[gtkit.rometheme.pro/gentleman/wp-content/uploads/sites/21/elementor/google-fonts/fonts/alegreyasanssc-mtgk4-rgjqfmvt7p8fur0q1j-hf1bkxdtifrp6p7c-4.woff2]
[gtkit.rometheme.pro/gentleman/wp-content/uploads/sites/21/elementor/google-fonts/fonts/alegreyasanssc-mtgk4-rgjqfmvt7p8fur0q1j-hf1bkxdtifrnqp7c-4.woff2]
[gtkit.rometheme.pro/gentleman/wp-content/uploads/sites/21/elementor/google-fonts/fonts/alegreyasanssc-mtgk4-rgjqfmvt7p8fur0q1j-hf1bkxdtifrpqp7c-4.woff2]
[gtkit.rometheme.pro/gentleman/wp-content/uploads/sites/21/elementor/google-fonts/fonts/alegreyasanssc-mtgk4-rgjqfmvt7p8fur0q1j-hf1bkxdtifrmap7c-4.woff2]
[gtkit.rometheme.pro/gentleman/wp-content/uploads/sites/21/elementor/google-fonts/fonts/alegreyasanssc-mtgk4-rgjqfmvt7p8fur0q1j-hf1bkxdtifrpap7c-4.woff2]
[gtkit.rometheme.pro/gentleman/wp-content/uploads/sites/21/elementor/google-fonts/fonts/alegreyasanssc-mtgk4-rgjqfmvt7p8fur0q1j-hf1bkxdtifrpkp7c-4.woff2]
[gtkit.rometheme.pro/gentleman/wp-content/uploads/sites/21/elementor/google-fonts/fonts/alegreyasanssc-mtgk4-rgjqfmvt7p8fur0q1j-hf1bkxdtifrmqp7.woff2]
[gtkit.rometheme.pro/gentleman/wp-content/uploads/sites/21/elementor/google-fonts/fonts/alegreyasanssc-mtgk4-rgjqfmvt7p8fur0q1j-hf1bkxduijrp6p7c-4.woff2]
[gtkit.rometheme.pro/gentleman/wp-content/uploads/sites/21/elementor/google-fonts/fonts/alegreyasanssc-mtgk4-rgjqfmvt7p8fur0q1j-hf1bkxduijrnqp7c-4.woff2]
[gtkit.rometheme.pro/gentleman/wp-content/uploads/sites/21/elementor/google-fonts/fonts/alegreyasanssc-mtgk4-rgjqfmvt7p8fur0q1j-hf1bkxduijrpqp7c-4.woff2]
[gtkit.rometheme.pro/gentleman/wp-content/uploads/sites/21/elementor/google-fonts/fonts/alegreyasanssc-mtgk4-rgjqfmvt7p8fur0q1j-hf1bkxduijrmap7c-4.woff2]
[gtkit.rometheme.pro/gentleman/wp-content/uploads/sites/21/elementor/google-fonts/fonts/alegreyasanssc-mtgk4-rgjqfmvt7p8fur0q1j-hf1bkxduijrpap7c-4.woff2]
[gtkit.rometheme.pro/gentleman/wp-content/uploads/sites/21/elementor/google-fonts/fonts/alegreyasanssc-mtgk4-rgjqfmvt7p8fur0q1j-hf1bkxduijrpkp7c-4.woff2]
[gtkit.rometheme.pro/gentleman/wp-content/uploads/sites/21/elementor/google-fonts/fonts/alegreyasanssc-mtgk4-rgjqfmvt7p8fur0q1j-hf1bkxduijrmqp7.woff2]
[gtkit.rometheme.pro/gentleman/wp-content/uploads/sites/21/elementor/google-fonts/fonts/alegreyasanssc-mtgk4-rgjqfmvt7p8fur0q1j-hf1bkxddinrp6p7c-4.woff2]
[gtkit.rometheme.pro/gentleman/wp-content/uploads/sites/21/elementor/google-fonts/fonts/alegreyasanssc-mtgk4-rgjqfmvt7p8fur0q1j-hf1bkxddinrnqp7c-4.woff2]
[gtkit.rometheme.pro/gentleman/wp-content/uploads/sites/21/elementor/google-fonts/fonts/alegreyasanssc-mtgk4-rgjqfmvt7p8fur0q1j-hf1bkxddinrpqp7c-4.woff2]
[gtkit.rometheme.pro/gentleman/wp-content/uploads/sites/21/elementor/google-fonts/fonts/alegreyasanssc-mtgk4-rgjqfmvt7p8fur0q1j-hf1bkxddinrmap7c-4.woff2]
[gtkit.rometheme.pro/gentleman/wp-content/uploads/sites/21/elementor/google-fonts/fonts/alegreyasanssc-mtgk4-rgjqfmvt7p8fur0q1j-hf1bkxddinrpap7c-4.woff2]
[gtkit.rometheme.pro/gentleman/wp-content/uploads/sites/21/elementor/google-fonts/fonts/alegreyasanssc-mtgk4-rgjqfmvt7p8fur0q1j-hf1bkxddinrpkp7c-4.woff2]
[gtkit.rometheme.pro/gentleman/wp-content/uploads/sites/21/elementor/google-fonts/fonts/alegreyasanssc-mtgk4-rgjqfmvt7p8fur0q1j-hf1bkxddinrmqp7.woff2]
[gtkit.rometheme.pro/gentleman/wp-content/uploads/sites/21/elementor/google-fonts/fonts/alegreyasanssc-mtgn4-rgjqfmvt7p8fur0q1j-hf1dipv-aredys.woff2]
[gtkit.rometheme.pro/gentleman/wp-content/uploads/sites/21/elementor/google-fonts/fonts/alegreyasanssc-mtgn4-rgjqfmvt7p8fur0q1j-hf1dipv8qredys.woff2]
[gtkit.rometheme.pro/gentleman/wp-content/uploads/sites/21/elementor/google-fonts/fonts/alegreyasanssc-mtgn4-rgjqfmvt7p8fur0q1j-hf1dipv-qredys.woff2]
[gtkit.rometheme.pro/gentleman/wp-content/uploads/sites/21/elementor/google-fonts/fonts/alegreyasanssc-mtgn4-rgjqfmvt7p8fur0q1j-hf1dipv9gredys.woff2]
[gtkit.rometheme.pro/gentleman/wp-content/uploads/sites/21/elementor/google-fonts/fonts/alegreyasanssc-mtgn4-rgjqfmvt7p8fur0q1j-hf1dipv-gredys.woff2]
[gtkit.rometheme.pro/gentleman/wp-content/uploads/sites/21/elementor/google-fonts/fonts/alegreyasanssc-mtgn4-rgjqfmvt7p8fur0q1j-hf1dipv-wredys.woff2]
[gtkit.rometheme.pro/gentleman/wp-content/uploads/sites/21/elementor/google-fonts/fonts/alegreyasanssc-mtgn4-rgjqfmvt7p8fur0q1j-hf1dipv9qre.woff2]
[gtkit.rometheme.pro/gentleman/wp-content/uploads/sites/21/elementor/google-fonts/fonts/alegreyasanssc-mtgm4-rgjqfmvt7p8fur0q1j-hf1dujh4i5hmlj_.woff2]
[gtkit.rometheme.pro/gentleman/wp-content/uploads/sites/21/elementor/google-fonts/fonts/alegreyasanssc-mtgm4-rgjqfmvt7p8fur0q1j-hf1dujh4idhmlj_.woff2]
[gtkit.rometheme.pro/gentleman/wp-content/uploads/sites/21/elementor/google-fonts/fonts/alegreyasanssc-mtgm4-rgjqfmvt7p8fur0q1j-hf1dujh4i9hmlj_.woff2]
[gtkit.rometheme.pro/gentleman/wp-content/uploads/sites/21/elementor/google-fonts/fonts/alegreyasanssc-mtgm4-rgjqfmvt7p8fur0q1j-hf1dujh4ibhmlj_.woff2]
[gtkit.rometheme.pro/gentleman/wp-content/uploads/sites/21/elementor/google-fonts/fonts/alegreyasanssc-mtgm4-rgjqfmvt7p8fur0q1j-hf1dujh4ixhmlj_.woff2]
[gtkit.rometheme.pro/gentleman/wp-content/uploads/sites/21/elementor/google-fonts/fonts/alegreyasanssc-mtgm4-rgjqfmvt7p8fur0q1j-hf1dujh4i1hmlj_.woff2]
[gtkit.rometheme.pro/gentleman/wp-content/uploads/sites/21/elementor/google-fonts/fonts/alegreyasanssc-mtgm4-rgjqfmvt7p8fur0q1j-hf1dujh4inhma.woff2]
[gtkit.rometheme.pro/gentleman/wp-content/uploads/sites/21/elementor/google-fonts/fonts/alegreyasanssc-mtgh4-rgjqfmvt7p8fur0q1j-hf1bkrl9xxa.woff2]
[gtkit.rometheme.pro/gentleman/wp-content/uploads/sites/21/elementor/google-fonts/fonts/alegreyasanssc-mtgh4-rgjqfmvt7p8fur0q1j-hf1bk1l9xxa.woff2]
[gtkit.rometheme.pro/gentleman/wp-content/uploads/sites/21/elementor/google-fonts/fonts/alegreyasanssc-mtgh4-rgjqfmvt7p8fur0q1j-hf1bkvl9xxa.woff2]
[gtkit.rometheme.pro/gentleman/wp-content/uploads/sites/21/elementor/google-fonts/fonts/alegreyasanssc-mtgh4-rgjqfmvt7p8fur0q1j-hf1bkpl9xxa.woff2]
[gtkit.rometheme.pro/gentleman/wp-content/uploads/sites/21/elementor/google-fonts/fonts/alegreyasanssc-mtgh4-rgjqfmvt7p8fur0q1j-hf1bkzl9xxa.woff2]
[gtkit.rometheme.pro/gentleman/wp-content/uploads/sites/21/elementor/google-fonts/fonts/alegreyasanssc-mtgh4-rgjqfmvt7p8fur0q1j-hf1bkdl9xxa.woff2]
[gtkit.rometheme.pro/gentleman/wp-content/uploads/sites/21/elementor/google-fonts/fonts/alegreyasanssc-mtgh4-rgjqfmvt7p8fur0q1j-hf1bkll9w.woff2]
[gtkit.rometheme.pro/gentleman/wp-content/uploads/sites/21/elementor/google-fonts/fonts/alegreyasanssc-mtgm4-rgjqfmvt7p8fur0q1j-hf1drpg4i5hmlj_.woff2]
[gtkit.rometheme.pro/gentleman/wp-content/uploads/sites/21/elementor/google-fonts/fonts/alegreyasanssc-mtgm4-rgjqfmvt7p8fur0q1j-hf1drpg4idhmlj_.woff2]
[gtkit.rometheme.pro/gentleman/wp-content/uploads/sites/21/elementor/google-fonts/fonts/alegreyasanssc-mtgm4-rgjqfmvt7p8fur0q1j-hf1drpg4i9hmlj_.woff2]
[gtkit.rometheme.pro/gentleman/wp-content/uploads/sites/21/elementor/google-fonts/fonts/alegreyasanssc-mtgm4-rgjqfmvt7p8fur0q1j-hf1drpg4ibhmlj_.woff2]
[gtkit.rometheme.pro/gentleman/wp-content/uploads/sites/21/elementor/google-fonts/fonts/alegreyasanssc-mtgm4-rgjqfmvt7p8fur0q1j-hf1drpg4ixhmlj_.woff2]
[gtkit.rometheme.pro/gentleman/wp-content/uploads/sites/21/elementor/google-fonts/fonts/alegreyasanssc-mtgm4-rgjqfmvt7p8fur0q1j-hf1drpg4i1hmlj_.woff2]
[gtkit.rometheme.pro/gentleman/wp-content/uploads/sites/21/elementor/google-fonts/fonts/alegreyasanssc-mtgm4-rgjqfmvt7p8fur0q1j-hf1drpg4inhma.woff2]
[gtkit.rometheme.pro/gentleman/wp-content/uploads/sites/21/elementor/google-fonts/fonts/alegreyasanssc-mtgm4-rgjqfmvt7p8fur0q1j-hf1dvja4i5hmlj_.woff2]
[gtkit.rometheme.pro/gentleman/wp-content/uploads/sites/21/elementor/google-fonts/fonts/alegreyasanssc-mtgm4-rgjqfmvt7p8fur0q1j-hf1dvja4idhmlj_.woff2]
[gtkit.rometheme.pro/gentleman/wp-content/uploads/sites/21/elementor/google-fonts/fonts/alegreyasanssc-mtgm4-rgjqfmvt7p8fur0q1j-hf1dvja4i9hmlj_.woff2]
[gtkit.rometheme.pro/gentleman/wp-content/uploads/sites/21/elementor/google-fonts/fonts/alegreyasanssc-mtgm4-rgjqfmvt7p8fur0q1j-hf1dvja4ibhmlj_.woff2]
[gtkit.rometheme.pro/gentleman/wp-content/uploads/sites/21/elementor/google-fonts/fonts/alegreyasanssc-mtgm4-rgjqfmvt7p8fur0q1j-hf1dvja4ixhmlj_.woff2]
[gtkit.rometheme.pro/gentleman/wp-content/uploads/sites/21/elementor/google-fonts/fonts/alegreyasanssc-mtgm4-rgjqfmvt7p8fur0q1j-hf1dvja4i1hmlj_.woff2]
[gtkit.rometheme.pro/gentleman/wp-content/uploads/sites/21/elementor/google-fonts/fonts/alegreyasanssc-mtgm4-rgjqfmvt7p8fur0q1j-hf1dvja4inhma.woff2]
[gtkit.rometheme.pro/gentleman/wp-content/uploads/sites/21/elementor/google-fonts/fonts/alegreyasanssc-mtgm4-rgjqfmvt7p8fur0q1j-hf1du5d4i5hmlj_.woff2]
[gtkit.rometheme.pro/gentleman/wp-content/uploads/sites/21/elementor/google-fonts/fonts/alegreyasanssc-mtgm4-rgjqfmvt7p8fur0q1j-hf1du5d4idhmlj_.woff2]
[gtkit.rometheme.pro/gentleman/wp-content/uploads/sites/21/elementor/google-fonts/fonts/alegreyasanssc-mtgm4-rgjqfmvt7p8fur0q1j-hf1du5d4i9hmlj_.woff2]
[gtkit.rometheme.pro/gentleman/wp-content/uploads/sites/21/elementor/google-fonts/fonts/alegreyasanssc-mtgm4-rgjqfmvt7p8fur0q1j-hf1du5d4ibhmlj_.woff2]
[gtkit.rometheme.pro/gentleman/wp-content/uploads/sites/21/elementor/google-fonts/fonts/alegreyasanssc-mtgm4-rgjqfmvt7p8fur0q1j-hf1du5d4ixhmlj_.woff2]
[gtkit.rometheme.pro/gentleman/wp-content/uploads/sites/21/elementor/google-fonts/fonts/alegreyasanssc-mtgm4-rgjqfmvt7p8fur0q1j-hf1du5d4i1hmlj_.woff2]
[gtkit.rometheme.pro/gentleman/wp-content/uploads/sites/21/elementor/google-fonts/fonts/alegreyasanssc-mtgm4-rgjqfmvt7p8fur0q1j-hf1du5d4inhma.woff2]
[gtkit.rometheme.pro/gentleman/wp-content/uploads/sites/21/elementor/google-fonts/fonts/alegreyasanssc-mtgm4-rgjqfmvt7p8fur0q1j-hf1dspc4i5hmlj_.woff2]
[gtkit.rometheme.pro/gentleman/wp-content/uploads/sites/21/elementor/google-fonts/fonts/alegreyasanssc-mtgm4-rgjqfmvt7p8fur0q1j-hf1dspc4idhmlj_.woff2]
[gtkit.rometheme.pro/gentleman/wp-content/uploads/sites/21/elementor/google-fonts/fonts/alegreyasanssc-mtgm4-rgjqfmvt7p8fur0q1j-hf1dspc4i9hmlj_.woff2]
[gtkit.rometheme.pro/gentleman/wp-content/uploads/sites/21/elementor/google-fonts/fonts/alegreyasanssc-mtgm4-rgjqfmvt7p8fur0q1j-hf1dspc4ibhmlj_.woff2]
[gtkit.rometheme.pro/gentleman/wp-content/uploads/sites/21/elementor/google-fonts/fonts/alegreyasanssc-mtgm4-rgjqfmvt7p8fur0q1j-hf1dspc4ixhmlj_.woff2]
[gtkit.rometheme.pro/gentleman/wp-content/uploads/sites/21/elementor/google-fonts/fonts/alegreyasanssc-mtgm4-rgjqfmvt7p8fur0q1j-hf1dspc4i1hmlj_.woff2]
[gtkit.rometheme.pro/gentleman/wp-content/uploads/sites/21/elementor/google-fonts/fonts/alegreyasanssc-mtgm4-rgjqfmvt7p8fur0q1j-hf1dspc4inhma.woff2]
[gtkit.rometheme.pro/gentleman/wp-content/uploads/sites/21/elementor/google-fonts/css/alegreyasanssc9072.css]
[gtkit.rometheme.pro/gentleman/wp-content/plugins/elementor/assets/lib/font-awesome/css/fontawesome.min52d5.css]
[gtkit.rometheme.pro/gentleman/wp-content/plugins/elementor/assets/lib/font-awesome/webfonts/fa-solid-900.eot]
[gtkit.rometheme.pro/gentleman/wp-content/plugins/elementor/assets/lib/font-awesome/webfonts/fa-solid-900d41d.eot]
[gtkit.rometheme.pro/gentleman/wp-content/plugins/elementor/assets/lib/font-awesome/webfonts/fa-solid-900.woff2]
[gtkit.rometheme.pro/gentleman/wp-content/plugins/elementor/assets/lib/font-awesome/webfonts/fa-solid-900.woff]
[gtkit.rometheme.pro/gentleman/wp-content/plugins/elementor/assets/lib/font-awesome/css/solid.min52d5.css]
[gtkit.rometheme.pro/gentleman/wp-content/plugins/elementskit-lite/modules/elementskit-icon-pack/assets/fonts/elementskitf60a.woff]
[gtkit.rometheme.pro/gentleman/wp-content/plugins/elementskit-lite/modules/elementskit-icon-pack/assets/css/ekiticons3621.css]
[gtkit.rometheme.pro/gentleman/wp-content/plugins/elementor/assets/lib/font-awesome/webfonts/fa-solid-900.ttf]
[gtkit.rometheme.pro/gentleman/wp-content/plugins/elementor/assets/lib/font-awesome/webfonts/fa-solid-900.svg]
[gtkit.rometheme.pro/gentleman/wp-content/plugins/elementor/assets/lib/font-awesome/webfonts/fa-brands-400.woff2]
[gtkit.rometheme.pro/gentleman/wp-content/plugins/elementor/assets/lib/font-awesome/webfonts/fa-brands-400d41d.eot]
[gtkit.rometheme.pro/gentleman/wp-content/plugins/elementor/assets/lib/font-awesome/webfonts/fa-brands-400.woff]
[gtkit.rometheme.pro/gentleman/wp-content/plugins/elementor/assets/lib/font-awesome/webfonts/fa-brands-400.eot]
[gtkit.rometheme.pro/gentleman/wp-content/plugins/elementor/assets/lib/font-awesome/css/brands.min52d5.css]
[gtkit.rometheme.pro/gentleman/wp-json/oembed/1.0/embed3087.json]
[gtkit.rometheme.pro/gentleman/wp-content/plugins/elementor/assets/lib/font-awesome/webfonts/fa-brands-400.ttf]
[gtkit.rometheme.pro/gentleman/wp-json/oembed/1.0/embed9557]
[gtkit.rometheme.pro/gentleman/wp-content/uploads/sites/21/elementor/css/post-5e89a.css]
[gtkit.rometheme.pro/gentleman/template-kit/homepage/index.html]
[gtkit.rometheme.pro/gentleman/wp-json/oembed/1.0/embed4fe3.json]
[gtkit.rometheme.pro/gentleman/indexc471.html]
[gtkit.rometheme.pro/gentleman/wp-content/plugins/elementor/assets/lib/font-awesome/webfonts/fa-brands-400.svg]
[gtkit.rometheme.pro/gentleman/wp-json/oembed/1.0/embed68cf]
[gtkit.rometheme.pro/gentleman/template-kit/about-us/index.html]
[gtkit.rometheme.pro/gentleman/wp-content/uploads/sites/21/elementor/css/post-476d994.css]
[gtkit.rometheme.pro/gentleman/index2847.html]
[gtkit.rometheme.pro/gentleman/wp-json/oembed/1.0/embedcf40.json]
[gtkit.rometheme.pro/gentleman/wp-json/oembed/1.0/embedff73]
[gtkit.rometheme.pro/gentleman/template-kit/services/index.html]
[gtkit.rometheme.pro/gentleman/wp-content/uploads/sites/21/elementor/css/post-4959a80.css]
[gtkit.rometheme.pro/gentleman/index28bc.html]
[gtkit.rometheme.pro/gentleman/wp-json/oembed/1.0/embed4d71.json]
[gtkit.rometheme.pro/gentleman/wp-json/oembed/1.0/embedfa31]
[gtkit.rometheme.pro/gentleman/wp-content/uploads/sites/21/elementor/css/post-5126de4.css]
[gtkit.rometheme.pro/gentleman/wp-content/uploads/sites/21/2023/04/barber-shaving-man-in-chair-PUZB2XT.jpg]
[gtkit.rometheme.pro/gentleman/template-kit/service-detail/index.html]
[gtkit.rometheme.pro/gentleman/indexb87d.html]
[gtkit.rometheme.pro/gentleman/wp-json/oembed/1.0/embedace6.json]
[gtkit.rometheme.pro/gentleman/wp-json/oembed/1.0/embedc340]
[gtkit.rometheme.pro/gentleman/wp-content/uploads/sites/21/elementor/css/post-533058f.css]
[gtkit.rometheme.pro/gentleman/template-kit/gallery/index.html]
[gtkit.rometheme.pro/gentleman/wp-json/oembed/1.0/embede221.json]
[gtkit.rometheme.pro/gentleman/index7414.html]
[gtkit.rometheme.pro/gentleman/wp-json/oembed/1.0/embedf564]
[gtkit.rometheme.pro/gentleman/template-kit/pricing/index.html]
[gtkit.rometheme.pro/gentleman/wp-content/uploads/sites/21/elementor/css/post-541c4e3.css]
[gtkit.rometheme.pro/gentleman/wp-json/oembed/1.0/embedf7db.json]
[gtkit.rometheme.pro/gentleman/index4126.html]
[gtkit.rometheme.pro/gentleman/wp-json/oembed/1.0/embedb5c8]
[gtkit.rometheme.pro/gentleman/wp-content/uploads/sites/21/elementor/css/post-549a337.css]
[gtkit.rometheme.pro/gentleman/wp-content/uploads/sites/21/2023/04/at-the-barber-shop-7E4V4BK.jpg]
[gtkit.rometheme.pro/gentleman/wp-content/uploads/sites/21/2023/04/handsome-barber-leaning-on-chair-at-workplace-and-8PP37JW.jpg]
[gtkit.rometheme.pro/gentleman/indexbcc1.html]
[gtkit.rometheme.pro/gentleman/wp-content/uploads/sites/21/2023/04/portrait-of-happy-young-barber-with-client-at-barb-7NP2UXA.jpg]
[gtkit.rometheme.pro/gentleman/wp-content/uploads/sites/21/2023/04/happy-colombian-stylist-at-his-barbershop-young-en-5A37KKL.jpg]
[gtkit.rometheme.pro/gentleman/template-kit/team/index.html]
[gtkit.rometheme.pro/gentleman/wp-json/oembed/1.0/embed8963.json]
[gtkit.rometheme.pro/gentleman/wp-json/oembed/1.0/embedf6a8]
[gtkit.rometheme.pro/gentleman/wp-content/uploads/sites/21/elementor/css/post-563d9fc.css]
[gtkit.rometheme.pro/gentleman/index03c9.html]
[gtkit.rometheme.pro/gentleman/wp-content/uploads/sites/21/2023/04/stylish-man-working-with-client-in-salon-PTBWZZFc.jpg]
[gtkit.rometheme.pro/gentleman/template-kit/faq/index.html]
[gtkit.rometheme.pro/gentleman/wp-json/oembed/1.0/embed3c14.json]
[gtkit.rometheme.pro/gentleman/wp-json/oembed/1.0/embeda674]
[gtkit.rometheme.pro/gentleman/template-kit/blog/index.html]
[gtkit.rometheme.pro/gentleman/wp-content/uploads/sites/21/elementor/css/post-583e4e1.css]
[gtkit.rometheme.pro/gentleman/index61a9.html]
[gtkit.rometheme.pro/gentleman/wp-json/oembed/1.0/embed6325.json]
[gtkit.rometheme.pro/gentleman/wp-json/oembed/1.0/embed8143]
[gtkit.rometheme.pro/gentleman/wp-content/uploads/sites/21/elementor/css/post-61058e7.css]
[gtkit.rometheme.pro/gentleman/template-kit/404-error/index.html]
[gtkit.rometheme.pro/gentleman/wp-json/oembed/1.0/embedde4c.json]
[gtkit.rometheme.pro/gentleman/index0718.html]
[gtkit.rometheme.pro/gentleman/wp-json/oembed/1.0/embed7308]
[gtkit.rometheme.pro/gentleman/wp-content/uploads/sites/21/elementor/css/post-62281b4.css]
[gtkit.rometheme.pro/gentleman/wp-content/plugins/elementor/assets/css/widget-google_maps.mine7a7.css]
[gtkit.rometheme.pro/gentleman/template-kit/contact-us/index.html]
[gtkit.rometheme.pro/gentleman/wp-content/uploads/sites/21/elementor/css/post-34617ad.css]
[gtkit.rometheme.pro/gentleman/wp-content/plugins/elementor/assets/css/widget-image.mine7a7.css]
[gtkit.rometheme.pro/gentleman/wp-content/plugins/elementor/assets/css/widget-social-icons.mine7a7.css]
[gtkit.rometheme.pro/gentleman/wp-content/plugins/elementor/assets/css/conditionals/apple-webkit.mine7a7.css]
[gtkit.rometheme.pro/gentleman/wp-content/plugins/elementor/assets/css/widget-heading.mine7a7.css]
[gtkit.rometheme.pro/gentleman/wp-content/plugins/elementor/assets/css/widget-image-box.mine7a7.css]
[gtkit.rometheme.pro/gentleman/wp-content/plugins/elementor/assets/css/widget-icon-box.mine7a7.css]
[gtkit.rometheme.pro/gentleman/wp-content/plugins/elementor/assets/css/widget-divider.mine7a7.css]
[gtkit.rometheme.pro/gentleman/wp-content/plugins/elementor/assets/css/widget-spacer.mine7a7.css]
[gtkit.rometheme.pro/gentleman/wp-content/plugins/elementskit-lite/widgets/init/assets/css/odometer-theme-default3621.css]
[gtkit.rometheme.pro/gentleman/wp-content/plugins/elementor/assets/css/widget-image-gallery.mine7a7.css]
[gtkit.rometheme.pro/gentleman/wp-content/plugins/elementor/assets/lib/swiper/v8/css/swiper.min94a4.css]
[gtkit.rometheme.pro/gentleman/wp-content/uploads/sites/21/2023/04/barber-shows-sciccors-retro-style-barbershop-P4UTCU8.jpg]
[gtkit.rometheme.pro/gentleman/wp-content/uploads/sites/21/elementor/css/post-30839fb.css]
[gtkit.rometheme.pro/gentleman/wp-content/plugins/elementor/assets/css/widget-icon-list.mine7a7.css]
[gtkit.rometheme.pro/gentleman/index7033.html]
[gtkit.rometheme.pro/gentleman/wp-content/plugins/rometheme-for-elementor/assets/fonts/rtmicons/rtmicon-regular0831.eot]
[gtkit.rometheme.pro/gentleman/wp-content/plugins/rometheme-for-elementor/assets/fonts/rtmicons/rtmicon-regular0831.woff]
[gtkit.rometheme.pro/gentleman/wp-content/plugins/rometheme-for-elementor/assets/fonts/rtmicons/rtmicon-regular0831.ttf]
[gtkit.rometheme.pro/gentleman/wp-content/plugins/rometheme-for-elementor/assets/css/rtmicon-regular.css]
[gtkit.rometheme.pro/gentleman/wp-content/plugins/rometheme-for-elementor/assets/fonts/rtmicons/rtmicon-thin0c2c.eot]
[gtkit.rometheme.pro/gentleman/wp-content/plugins/rometheme-for-elementor/assets/fonts/rtmicons/rtmicon-thin0c2c.woff]
[gtkit.rometheme.pro/gentleman/wp-content/plugins/rometheme-for-elementor/assets/fonts/rtmicons/rtmicon-thin0c2c.ttf]
[gtkit.rometheme.pro/gentleman/wp-content/plugins/rometheme-for-elementor/assets/fonts/rtmicons/rtmicon-regular0831.svg]
[gtkit.rometheme.pro/gentleman/wp-content/plugins/rometheme-for-elementor/assets/css/rtmicon-thin.css]
[gtkit.rometheme.pro/gentleman/wp-content/plugins/elementor/assets/lib/eicons/fonts/eiconsaa8e.svg]
[gtkit.rometheme.pro/gentleman/wp-content/plugins/elementskit-lite/widgets/init/assets/img/cross-out.svg]
[gtkit.rometheme.pro/gentleman/wp-content/plugins/elementor/assets/lib/font-awesome/webfonts/fa-solid-900.svg]
[gtkit.rometheme.pro/gentleman/wp-content/plugins/elementor/assets/lib/font-awesome/webfonts/fa-brands-400.svg]
[gtkit.rometheme.pro/gentleman/wp-content/uploads/sites/21/elementor/css/post-5e89a.css]
[gtkit.rometheme.pro/gentleman/indexc471.html]
[gtkit.rometheme.pro/gentleman/wp-content/plugins/rometheme-for-elementor/assets/fonts/rtmicons/rtmicon-thin0c2c.svg]
[gtkit.rometheme.pro/gentleman/wp-content/uploads/sites/21/2023/04/at-the-barbershop-K5M6JXZ.jpg]
[gtkit.rometheme.pro/gentleman/wp-content/uploads/sites/21/elementor/css/post-476d994.css]
[gtkit.rometheme.pro/gentleman/index2847.html]
[gtkit.rometheme.pro/gentleman/wp-content/uploads/sites/21/elementor/css/post-4959a80.css]
[gtkit.rometheme.pro/gentleman/index28bc.html]
[gtkit.rometheme.pro/gentleman/wp-content/uploads/sites/21/elementor/css/post-5126de4.css]
[gtkit.rometheme.pro/gentleman/indexb87d.html]
[gtkit.rometheme.pro/gentleman/wp-content/uploads/sites/21/elementor/css/post-533058f.css]
[gtkit.rometheme.pro/gentleman/index7414.html]
[gtkit.rometheme.pro/gentleman/wp-content/uploads/sites/21/elementor/css/post-541c4e3.css]
[gtkit.rometheme.pro/gentleman/index4126.html]
[gtkit.rometheme.pro/gentleman/wp-content/uploads/sites/21/elementor/css/post-549a337.css]
[gtkit.rometheme.pro/gentleman/indexbcc1.html]
[gtkit.rometheme.pro/gentleman/wp-content/uploads/sites/21/elementor/css/post-563d9fc.css]
[gtkit.rometheme.pro/gentleman/index03c9.html]
[gtkit.rometheme.pro/gentleman/wp-content/uploads/sites/21/elementor/css/post-583e4e1.css]
[gtkit.rometheme.pro/gentleman/index61a9.html]
[gtkit.rometheme.pro/gentleman/wp-content/uploads/sites/21/2023/04/BG-10.png]
[gtkit.rometheme.pro/gentleman/wp-content/uploads/sites/21/elementor/css/post-61058e7.css]
[gtkit.rometheme.pro/gentleman/index0718.html]
[gtkit.rometheme.pro/gentleman/wp-content/uploads/sites/21/elementor/css/post-62281b4.css]
[gtkit.rometheme.pro/gentleman/index7033.html]
[gtkit.rometheme.pro/gentleman/wp-content/plugins/elementor/assets/css/widget-google_maps.mine7a7.css]
[gtkit.rometheme.pro/gentleman/wp-content/plugins/rometheme-for-elementor/assets/fonts/rtmicons/rtmicon-regular0831.svg]
[gtkit.rometheme.pro/gentleman/wp-content/plugins/rometheme-for-elementor/assets/fonts/rtmicons/rtmicon-thin0c2c.svg]
